../Core/Src/main.c:77:5:main	96	static
../Core/Src/main.c:246:6:SystemClock_Config	72	static
../Core/Src/main.c:283:13:MX_GPIO_Init	40	static
../Core/Src/main.c:329:6:hienthi	32	static
../Core/Src/main.c:346:6:dich74hc595	16	static
../Core/Src/main.c:359:6:mo74hc595	8	static
../Core/Src/main.c:364:6:reset	16	static
../Core/Src/main.c:370:6:tangz_on	16	static
../Core/Src/main.c:392:6:tangz_off	16	static
../Core/Src/main.c:414:6:plane	560	static
../Core/Src/main.c:476:6:Error_Handler	4	static,ignoring_inline_asm
